
> internal-crm@0.5.0-beta build
> next build

  Γû▓ Next.js 14.2.33
  - Environments: .env

   Creating an optimized production build ...
 Γ£ô Compiled successfully
   Linting and checking validity of types ...
   Collecting page data ...
node.exe : [AUTH] ΓÜá∩╕Å NEXTAUTH_URL contains localhost or 0.0.0.0 - this may cause OAuth issues in production
At C:\Program Files\nodejs\npm.ps1:29 char:3
+   & $NODE_EXE $NPM_CLI_JS $args
+   ~~~~~~~~~~~~~~~~~~~~~~~~~~~~~
    + CategoryInfo          : NotSpecified: ([AUTH] ΓÜá∩╕Å N...s in production:String) [], RemoteException
    + FullyQualifiedErrorId : NativeCommandError
 
[AUTH] ΓÜá∩╕Å NEXTAUTH_URL contains localhost or 0.0.0.0 - this may cause OAuth issues in production
[AUTH] ΓÜá∩╕Å NEXTAUTH_URL contains localhost or 0.0.0.0 - this may cause OAuth issues in production
[AUTH] ΓÜá∩╕Å NEXTAUTH_URL contains localhost or 0.0.0.0 - this may cause OAuth issues in production
[AUTH] ΓÜá∩╕Å NEXTAUTH_URL contains localhost or 0.0.0.0 - this may cause OAuth issues in production
[AUTH] ΓÜá∩╕Å NEXTAUTH_URL contains localhost or 0.0.0.0 - this may cause OAuth issues in production
[AUTH] ΓÜá∩╕Å NEXTAUTH_URL contains localhost or 0.0.0.0 - this may cause OAuth issues in production
[AUTH] ΓÜá∩╕Å NEXTAUTH_URL contains localhost or 0.0.0.0 - this may cause OAuth issues in production
[AUTH] ΓÜá∩╕Å NEXTAUTH_URL contains localhost or 0.0.0.0 - this may cause OAuth issues in production
[AUTH] ΓÜá∩╕Å NEXTAUTH_URL contains localhost or 0.0.0.0 - this may cause OAuth issues in production
[AUTH] ΓÜá∩╕Å NEXTAUTH_URL contains localhost or 0.0.0.0 - this may cause OAuth issues in production
   Generating static pages (0/44) ...
   Generating static pages (11/44) 
   Generating static pages (22/44) 
   Generating static pages (33/44) 
 Γ£ô Generating static pages (44/44)
   Finalizing page optimization ...
   Collecting build traces ...

Route (app)                                      Size     First Load JS
Γöî Γùï /                                            143 B          87.7 kB
Γö£ Γùï /_not-found                                  876 B          88.4 kB
Γö£ ╞Æ /admin                                       181 B          96.4 kB
Γö£ ╞Æ /admin/groups                                3.27 kB        98.6 kB
Γö£ ╞Æ /admin/import                                4.08 kB        99.4 kB
Γö£ ╞Æ /admin/organizations                         21.3 kB         117 kB
Γö£ ╞Æ /admin/users                                 3.18 kB        98.6 kB
Γö£ ╞Æ /api-docs                                    355 kB          443 kB
Γö£ ╞Æ /api/admin/check                             0 B                0 B
Γö£ ╞Æ /api/admin/create                            0 B                0 B
Γö£ ╞Æ /api/admin/groups                            0 B                0 B
Γö£ ╞Æ /api/admin/groups/[id]/users                 0 B                0 B
Γö£ ╞Æ /api/admin/groups/[id]/users/[userId]        0 B                0 B
Γö£ ╞Æ /api/admin/import                            0 B                0 B
Γö£ ╞Æ /api/admin/organizations                     0 B                0 B
Γö£ ╞Æ /api/admin/organizations/[id]                0 B                0 B
Γö£ ╞Æ /api/admin/organizations/[id]/feature-flags  0 B                0 B
Γö£ ╞Æ /api/admin/promote                           0 B                0 B
Γö£ ╞Æ /api/admin/settings                          0 B                0 B
Γö£ ╞Æ /api/admin/users/[id]                        0 B                0 B
Γö£ ╞Æ /api/auth-logs                               0 B                0 B
Γö£ ╞Æ /api/auth/[...nextauth]                      0 B                0 B
Γö£ ╞Æ /api/auth/error                              0 B                0 B
Γö£ ╞Æ /api/auth/register                           0 B                0 B
Γö£ ╞Æ /api/calendar/sync                           0 B                0 B
Γö£ ╞Æ /api/clients                                 0 B                0 B
Γö£ ╞Æ /api/clients/[id]                            0 B                0 B
Γö£ ╞Æ /api/clients/[id]/integration-tabs           0 B                0 B
Γö£ ╞Æ /api/contacts                                0 B                0 B
Γö£ ╞Æ /api/contacts/[id]                           0 B                0 B
Γö£ ╞Æ /api/integrations/webhook                    0 B                0 B
Γö£ ╞Æ /api/notes                                   0 B                0 B
Γö£ ╞Æ /api/organizations/public                    0 B                0 B
Γö£ Γùï /api/swagger.json                            0 B                0 B
Γö£ ╞Æ /api/sync                                    0 B                0 B
Γö£ ╞Æ /api/tasks                                   0 B                0 B
Γö£ ╞Æ /api/tasks/[id]                              0 B                0 B
Γö£ ╞Æ /api/tasks/reminders                         0 B                0 B
Γö£ ╞Æ /api/users/preferences                       0 B                0 B
Γö£ ╞Æ /api/users/profile                           0 B                0 B
Γö£ ╞Æ /calendar                                    181 B           112 kB
Γö£ ╞Æ /clients                                     4.9 kB          113 kB
Γö£ ╞Æ /clients/[id]                                4.44 kB         116 kB
Γö£ ╞Æ /contacts                                    3.72 kB         111 kB
Γö£ ╞Æ /dashboard                                   181 B          96.4 kB
Γö£ ╞Æ /error                                       181 B          96.4 kB
Γö£ ╞Æ /profile                                     2.45 kB         107 kB
Γö£ ╞Æ /settings                                    143 B          87.7 kB
Γö£ ╞Æ /settings/admin                              5.6 kB          106 kB
Γö£ ╞Æ /settings/preferences                        5.47 kB         101 kB
Γö£ ╞Æ /settings/profile                            2.15 kB         107 kB
Γö£ ╞Æ /settings/security                           2.19 kB        97.6 kB
Γö£ ╞Æ /signin                                      2.71 kB         113 kB
Γö£ ╞Æ /signup                                      2.6 kB          103 kB
Γö£ ╞Æ /tasks                                       2.19 kB         122 kB
Γöö ╞Æ /tasks/[id]                                  5.57 kB         110 kB
+ First Load JS shared by all                    87.5 kB
  Γö£ chunks/117-5b209828042925ee.js               31.9 kB
  Γö£ chunks/fd9d1056-643fe050376a1164.js          53.6 kB
  Γöö other shared chunks (total)                  2 kB


╞Æ Middleware                                     48 kB

Γùï  (Static)   prerendered as static content
╞Æ  (Dynamic)  server-rendered on demand

